[
  "error EncodedLengths_InvalidLength(uint256 length)",
  "error FieldLayout_Empty()",
  "error FieldLayout_InvalidStaticDataLength(uint256 staticDataLength, uint256 computedStaticDataLength)",
  "error FieldLayout_StaticLengthDoesNotFitInAWord(uint256 index)",
  "error FieldLayout_StaticLengthIsNotZero(uint256 index)",
  "error FieldLayout_StaticLengthIsZero(uint256 index)",
  "error FieldLayout_TooManyDynamicFields(uint256 numFields, uint256 maxFields)",
  "error FieldLayout_TooManyFields(uint256 numFields, uint256 maxFields)",
  "error Module_AlreadyInstalled()",
  "error Module_MissingDependency(address dependency)",
  "error Module_NonRootInstallNotSupported()",
  "error Module_RootInstallNotSupported()",
  "error Schema_InvalidLength(uint256 length)",
  "error Schema_StaticTypeAfterDynamicType()",
  "error Slice_OutOfBounds(bytes data, uint256 start, uint256 end)",
  "error Store_IndexOutOfBounds(uint256 length, uint256 accessedIndex)",
  "error Store_InvalidBounds(uint256 start, uint256 end)",
  "error Store_InvalidFieldNamesLength(uint256 expected, uint256 received)",
  "error Store_InvalidKeyNamesLength(uint256 expected, uint256 received)",
  "error Store_InvalidResourceType(bytes2 expected, bytes32 resourceId, string resourceIdString)",
  "error Store_InvalidSplice(uint40 startWithinField, uint40 deleteCount, uint40 fieldLength)",
  "error Store_InvalidStaticDataLength(uint256 expected, uint256 received)",
  "error Store_InvalidValueSchemaDynamicLength(uint256 expected, uint256 received)",
  "error Store_InvalidValueSchemaLength(uint256 expected, uint256 received)",
  "error Store_InvalidValueSchemaStaticLength(uint256 expected, uint256 received)",
  "error Store_TableAlreadyExists(bytes32 tableId, string tableIdString)",
  "error Store_TableNotFound(bytes32 tableId, string tableIdString)",
  "error World_AccessDenied(string resource, address caller)",
  "error World_AlreadyInitialized()",
  "error World_CallbackNotAllowed(bytes4 functionSelector)",
  "error World_DelegationNotFound(address delegator, address delegatee)",
  "error World_FunctionSelectorAlreadyExists(bytes4 functionSelector)",
  "error World_FunctionSelectorNotFound(bytes4 functionSelector)",
  "error World_InsufficientBalance(uint256 balance, uint256 amount)",
  "error World_InterfaceNotSupported(address contractAddress, bytes4 interfaceId)",
  "error World_InvalidNamespace(bytes14 namespace)",
  "error World_InvalidResourceId(bytes32 resourceId, string resourceIdString)",
  "error World_InvalidResourceType(bytes2 expected, bytes32 resourceId, string resourceIdString)",
  "error World_ResourceAlreadyExists(bytes32 resourceId, string resourceIdString)",
  "error World_ResourceNotFound(bytes32 resourceId, string resourceIdString)",
  "error World_SystemAlreadyExists(address system)",
  "error World_UnlimitedDelegationNotAllowed()",
  "event HelloStore(bytes32 indexed storeVersion)",
  "event HelloWorld(bytes32 indexed worldVersion)",
  "event Store_DeleteRecord(bytes32 indexed tableId, bytes32[] keyTuple)",
  "event Store_SetRecord(bytes32 indexed tableId, bytes32[] keyTuple, bytes staticData, bytes32 encodedLengths, bytes dynamicData)",
  "event Store_SpliceDynamicData(bytes32 indexed tableId, bytes32[] keyTuple, uint8 dynamicFieldIndex, uint48 start, uint40 deleteCount, bytes32 encodedLengths, bytes data)",
  "event Store_SpliceStaticData(bytes32 indexed tableId, bytes32[] keyTuple, uint48 start, bytes data)",
  "function batchCall((bytes32 systemId, bytes callData)[] systemCalls) returns (bytes[] returnDatas)",
  "function batchCallFrom((address from, bytes32 systemId, bytes callData)[] systemCalls) returns (bytes[] returnDatas)",
  "function call(bytes32 systemId, bytes callData) payable returns (bytes)",
  "function callFrom(address delegator, bytes32 systemId, bytes callData) payable returns (bytes)",
  "function creator() view returns (address)",
  "function deleteRecord(bytes32 tableId, bytes32[] keyTuple)",
  "function getDynamicField(bytes32 tableId, bytes32[] keyTuple, uint8 dynamicFieldIndex) view returns (bytes)",
  "function getDynamicFieldLength(bytes32 tableId, bytes32[] keyTuple, uint8 dynamicFieldIndex) view returns (uint256)",
  "function getDynamicFieldSlice(bytes32 tableId, bytes32[] keyTuple, uint8 dynamicFieldIndex, uint256 start, uint256 end) view returns (bytes data)",
  "function getField(bytes32 tableId, bytes32[] keyTuple, uint8 fieldIndex, bytes32 fieldLayout) view returns (bytes data)",
  "function getField(bytes32 tableId, bytes32[] keyTuple, uint8 fieldIndex) view returns (bytes data)",
  "function getFieldLayout(bytes32 tableId) view returns (bytes32 fieldLayout)",
  "function getFieldLength(bytes32 tableId, bytes32[] keyTuple, uint8 fieldIndex, bytes32 fieldLayout) view returns (uint256)",
  "function getFieldLength(bytes32 tableId, bytes32[] keyTuple, uint8 fieldIndex) view returns (uint256)",
  "function getKeySchema(bytes32 tableId) view returns (bytes32 keySchema)",
  "function getRecord(bytes32 tableId, bytes32[] keyTuple, bytes32 fieldLayout) view returns (bytes staticData, bytes32 encodedLengths, bytes dynamicData)",
  "function getRecord(bytes32 tableId, bytes32[] keyTuple) view returns (bytes staticData, bytes32 encodedLengths, bytes dynamicData)",
  "function getStaticField(bytes32 tableId, bytes32[] keyTuple, uint8 fieldIndex, bytes32 fieldLayout) view returns (bytes32)",
  "function getValueSchema(bytes32 tableId) view returns (bytes32 valueSchema)",
  "function grantAccess(bytes32 resourceId, address grantee)",
  "function initialize(address initModule)",
  "function installModule(address module, bytes encodedArgs)",
  "function installRootModule(address module, bytes encodedArgs)",
  "function popFromDynamicField(bytes32 tableId, bytes32[] keyTuple, uint8 dynamicFieldIndex, uint256 byteLengthToPop)",
  "function pushToDynamicField(bytes32 tableId, bytes32[] keyTuple, uint8 dynamicFieldIndex, bytes dataToPush)",
  "function registerDelegation(address delegatee, bytes32 delegationControlId, bytes initCallData)",
  "function registerFunctionSelector(bytes32 systemId, string systemFunctionSignature) returns (bytes4 worldFunctionSelector)",
  "function registerNamespace(bytes32 namespaceId)",
  "function registerNamespaceDelegation(bytes32 namespaceId, bytes32 delegationControlId, bytes initCallData)",
  "function registerRootFunctionSelector(bytes32 systemId, string worldFunctionSignature, string systemFunctionSignature) returns (bytes4 worldFunctionSelector)",
  "function registerStoreHook(bytes32 tableId, address hookAddress, uint8 enabledHooksBitmap)",
  "function registerSystem(bytes32 systemId, address system, bool publicAccess)",
  "function registerSystemHook(bytes32 systemId, address hookAddress, uint8 enabledHooksBitmap)",
  "function registerTable(bytes32 tableId, bytes32 fieldLayout, bytes32 keySchema, bytes32 valueSchema, string[] keyNames, string[] fieldNames)",
  "function renounceOwnership(bytes32 namespaceId)",
  "function revokeAccess(bytes32 resourceId, address grantee)",
  "function setDynamicField(bytes32 tableId, bytes32[] keyTuple, uint8 dynamicFieldIndex, bytes data)",
  "function setField(bytes32 tableId, bytes32[] keyTuple, uint8 fieldIndex, bytes data, bytes32 fieldLayout)",
  "function setField(bytes32 tableId, bytes32[] keyTuple, uint8 fieldIndex, bytes data)",
  "function setRecord(bytes32 tableId, bytes32[] keyTuple, bytes staticData, bytes32 encodedLengths, bytes dynamicData)",
  "function setStaticField(bytes32 tableId, bytes32[] keyTuple, uint8 fieldIndex, bytes data, bytes32 fieldLayout)",
  "function spliceDynamicData(bytes32 tableId, bytes32[] keyTuple, uint8 dynamicFieldIndex, uint40 startWithinField, uint40 deleteCount, bytes data)",
  "function spliceStaticData(bytes32 tableId, bytes32[] keyTuple, uint48 start, bytes data)",
  "function storeVersion() view returns (bytes32 version)",
  "function transferBalanceToAddress(bytes32 fromNamespaceId, address toAddress, uint256 amount)",
  "function transferBalanceToNamespace(bytes32 fromNamespaceId, bytes32 toNamespaceId, uint256 amount)",
  "function transferOwnership(bytes32 namespaceId, address newOwner)",
  "function unregisterDelegation(address delegatee)",
  "function unregisterNamespaceDelegation(bytes32 namespaceId)",
  "function unregisterStoreHook(bytes32 tableId, address hookAddress)",
  "function unregisterSystemHook(bytes32 systemId, address hookAddress)",
  "function worldVersion() view returns (bytes32)",
]